
> client@0.0.0 build
> vite build

[36mvite v7.3.1 [32mbuilding client environment for production...[36m[39m
transforming...
[32mΓ£ô[39m 2228 modules transformed.
rendering chunks...
computing gzip size...
[2mdist/[22m[32mindex.html                              [39m[1m[2m  0.83 kB[22m[1m[22m[2m Γöé gzip:   0.45 kB[22m
[2mdist/[22m[32massets/client 4-cwUgmnBr.png            [39m[1m[2m 12.13 kB[22m[1m[22m
[2mdist/[22m[32massets/Comptia-B6qkpH7c.png             [39m[1m[2m 15.02 kB[22m[1m[22m
[2mdist/[22m[32massets/client_2-removebg-BJqVkr5W.png   [39m[1m[2m 26.17 kB[22m[1m[22m
[2mdist/[22m[32massets/client5-DuHtqt15.png             [39m[1m[2m 30.52 kB[22m[1m[22m
[2mdist/[22m[32massets/client_1-removebg-CwXMZc1Z.png   [39m[1m[2m 58.58 kB[22m[1m[22m
[2mdist/[22m[32massets/client_3-removebg-nJoSOmtb.png   [39m[1m[2m 61.21 kB[22m[1m[22m
[2mdist/[22m[32massets/CEHPRACTICAL-8vzbl43u.png        [39m[1m[2m 72.70 kB[22m[1m[22m
[2mdist/[22m[32massets/msme-removebg-D1zUT2b-.png       [39m[1m[2m 75.56 kB[22m[1m[22m
[2mdist/[22m[32massets/client_6-removebg-Cazpd0kT.png   [39m[1m[2m 78.22 kB[22m[1m[22m
[2mdist/[22m[32massets/iso-27701-removebg-u_VLM2sD.png  [39m[1m[2m 84.01 kB[22m[1m[22m
[2mdist/[22m[32massets/OSCP-removebg-DTdFTIEs.png       [39m[1m[2m138.23 kB[22m[1m[22m
[2mdist/[22m[32massets/companyLogo-CcfoMLPq.png         [39m[1m[2m147.51 kB[22m[1m[22m
[2mdist/[22m[32massets/kaspersky-BoaPUGVR.png           [39m[1m[2m161.65 kB[22m[1m[22m
[2mdist/[22m[32massets/kas-tGhJKIr1.png                 [39m[1m[2m164.70 kB[22m[1m[22m
[2mdist/[22m[32massets/ISO-Loogo-removebg-BuAqr_ZK.png  [39m[1m[2m238.58 kB[22m[1m[22m
[2mdist/[22m[35massets/index-FjCE3fvF.css               [39m[1m[2m 81.04 kB[22m[1m[22m[2m Γöé gzip:  14.78 kB[22m
[2mdist/[22m[36massets/index-D95__aRl.js                [39m[1m[33m526.44 kB[39m[22m[2m Γöé gzip: 152.16 kB[22m
node.exe : [33m
At line:1 char:1
+ & "C:\Program 
Files\nodejs/node.exe" 
"C:\Program Files\nodejs/node_mo 
...
+ ~~~~~~~~~~~~~~~~~~~~~~~~~~~~~~~~
~~~~~~~~~~~~~~~~~~~~~~~~~~~~~~~~~~
~~~
    + CategoryInfo          : 
NotSpecifi    ed: ([33m:String) 
[], RemoteExcepti    on
    + FullyQualifiedErrorId : 
NativeComm    andError
 
(!) Some chunks are larger than 
500 kB after minification. 
Consider:
- Using dynamic import() to 
code-split the application
- Use build.rollupOptions.output.m
anualChunks to improve chunking: h
ttps://rollupjs.org/configuration-
options/#output-manualchunks
- Adjust chunk size limit for 
this warning via 
build.chunkSizeWarningLimit.[39m
[32mΓ£ô built in 5.77s[39m
